// Jest Snapshot v1, https://goo.gl/fbAQLP

exports[`should render Home component shold match movie detail snapshot 1`] = `
[
  <a
    className="back-link"
    href="/search?query=young"
    onClick={[Function]}
  >
    Back to Search Result
  </a>,
  <div
    className="row movie-details"
  >
    <div
      className="col"
    >
      <img
        alt="Home Alone 2"
        src="https://m.media-amazon.com/images/M/MV5BNDI1MzM0Y2YtYmIyMS00ODE3LTlhZjEtZTUyNmEzMTNhZWU5XkEyXkFqcGdeQXVyMTQxNzMzNDI@._V1_SX300.jpg"
      />
    </div>
    <div
      className="d-flex flex-column"
    >
      <h1
        className="ml-2"
      >
        Home Alone 2
      </h1>
      <small
        className="ml-2"
      >
        One year after Kevin McCallister was left home alone and had to defeat a pair of bumbling burglars, he accidentally finds himself stranded in New York City - and the same criminals are not far behind.
      </small>
      <div
        className="d-flex movie-rating"
      >
        <strong>
          IMDB Rating
        </strong>
        <span
          className="ml-2"
        >
          6
        </span>
        <strong
          className="ml-auto"
        >
          3,333 Votes
           
        </strong>
      </div>
      <div
        className="movie-detail-section"
      >
        <div
          className="row"
        >
          <strong
            className="title"
          >
            Country:
          </strong>
          <span />
        </div>
        <div
          className="row"
        >
          <strong
            className="title"
          >
            Released:
          </strong>
          <span />
        </div>
        <div
          className="row"
        >
          <strong
            className="title"
          >
            Genre:
          </strong>
          <span />
        </div>
        <div
          className="row"
        >
          <strong
            className="title"
          >
            Director:
          </strong>
          <span />
        </div>
        <div
          className="row"
        >
          <strong
            className="title"
          >
            Actors:
          </strong>
          <span />
        </div>
        <div
          className="row"
        >
          <strong
            className="title"
          >
            Awards:
          </strong>
          <span />
        </div>
      </div>
    </div>
  </div>,
]
`;
